
> arush-marketplace@0.1.0 build
> next build

Attention: Next.js now collects completely anonymous telemetry regarding usage.
This information is used to shape Next.js' roadmap and prioritize features.
You can learn more, including how to opt-out if you'd not like to participate in this anonymous program, by visiting the following URL:
https://nextjs.org/telemetry

▲ Next.js 16.2.10 (Turbopack)

  Creating an optimized production build ...
✓ Compiled successfully in 10.2s
  Running TypeScript ...
  Finished TypeScript in 5.9s ...
  Collecting page data using 1 worker ...
Error: Missing API key. Pass it to the constructor `new Resend("re_123")`
    at new el (.next/server/chunks/_1v13u8_._.js:5:32579)
    at <unknown> (.next/server/chunks/_1v13u8_._.js:5:35323)
    at Context.asyncModule [as a] (.next/server/chunks/[turbopack]_runtime.js:525:5)
    at module evaluation (.next/server/chunks/_1v13u8_._.js:5:35221)
    at instantiateModule (.next/server/chunks/[turbopack]_runtime.js:853:9)
    at getOrInstantiateModuleFromParent (.next/server/chunks/[turbopack]_runtime.js:877:12)
    at Context.esmImport [as i] (.next/server/chunks/[turbopack]_runtime.js:281:20)
    at <unknown> (.next/server/chunks/_1v13u8_._.js:5:36333)
    at Context.asyncModule [as a] (.next/server/chunks/[turbopack]_runtime.js:525:5)
    at module evaluation (.next/server/chunks/_1v13u8_._.js:5:36072)

> Build error occurred
Error: Failed to collect page data for /api/auth/send-otp
    at ignore-listed frames {
  type: 'Error'
}
